----------------------------------------------------------------------------------------------------------------
VVVVV           VVVVVVV            llllll EEEEEEEEEEEEEE  SSSSSSSSSSSS PPPPPPPPPPPPPP                           
V:::V           V:::::V            l::::l E::::::::::::E S::::::::::::SP:::::::::::::P                          
V:::V           V:::::V            l::::l E::::::::::::ES::::SSSSS::::SP:::::PPPPP::::P                         
V:::V           V:::::V            l::::l EE::::EEEEE::ES::::S    SSSSSPP::::P    P::::P                        
V:::V           V::::V eeeeeeeeee   l:::l   E:::E   EEEES::::S           P:::P    P::::Prrr   rrrrr     oooooo  
V::::V         V::::Vee::::::::::e  l:::l   E:::E       S::::S           P:::P    P::::Pr::rrr:::::r   o::::::o 
 V::::V       V::::Ve::::eeeee::::eel:::l   E::::EEEEEE  ::::SSS         P:::PPPPP::::P r:::::::::::r o::::::::o
  V::::V     V::::Ve::::e     e::::el:::l   E:::::::::E  SS:::::SSSS     P:::::::::::P  rr::::rrr::::ro:::oo:::o
   V::::V   V::::V e:::::eeeee:::::el:::l   E:::::::::E    SSS::::::S    P:::PPPPPPPP    r:::r   r:::ro::o  o::o
    V::::V V::::V  e::::::::::::::e l:::l   E::::EEEEEE       SSSSS::S   P:::P           r:::r   rrrrro::o  o::o
     V::::V::::V   e::::eeeeeeeeee  l:::l   E:::E                 S:::S  P:::P           r:::r        o::o  o::o
      V:::::::V    e:::::e          l:::l   E:::E   EEEE          S:::S  P:::P           r:::r        o::o  o::o
       V:::::V     e::::::e        l:::::lEE::::EEEE:::ESSSSSS    S:::SPP:::::PP         r:::r        o:::oo:::o
        V:::V       e::::::eeeeeee l:::::lE::::::::::::ES:::::SSSSS:::SP:::::::P         r:::r        o::::::::o
         V:V         ee::::::::::e l:::::lE::::::::::::ES::::::::::::S P:::::::P         r:::r         o::::::o 
          V            eeeeeeeeeee lllllllEEEEEEEEEEEEEE SSSSSSSSSSSS  PPPPPPPPP         rrrrr          oooooo  
----------------------------------------------------------------------------------------------------------------
Actual time: 2024-07-13T12:18:00.995

Electronic structure program developed by Ivan Gonzalez Veloso


